// Jest Snapshot v1, https://goo.gl/fbAQLP

exports[`renders correctly 1`] = `
<View
  style={
    Array [
      Object {
        "alignItems": "center",
        "backgroundColor": "#F0F2F3",
        "flex": 6,
        "justifyContent": "center",
        "width": "100%",
      },
      Object {
        "height": 1334,
        "width": 750,
      },
    ]
  }
>
  <AIRMap
    handlePanDrag={false}
    initialRegion={null}
    onChange={[Function]}
    onLayout={[Function]}
    onMapReady={[Function]}
    onMarkerPress={[Function]}
    region={
      Object {
        "latitude": 33.2083,
        "latitudeDelta": 0.0922,
        "longitude": -87.5504,
        "longitudeDelta": 0.0421,
      }
    }
    showsUserLocation={true}
    style={
      Object {
        "alignSelf": "stretch",
        "height": "100%",
      }
    }
  >
    <AIRMapMarker
      coordinate={
        Object {
          "latitude": 33.2083,
          "longitude": -87.5504,
        }
      }
      description="this is a marker example"
      onPress={[Function]}
      stopPropagation={false}
      style={
        Array [
          Object {
            "backgroundColor": "transparent",
            "position": "absolute",
          },
          undefined,
        ]
      }
      title="this is a marker"
    >
      <Image
        source={1}
        style={
          Object {
            "borderRadius": 20,
            "height": 40,
            "width": 40,
          }
        }
      />
    </AIRMapMarker>
  </AIRMap>
</View>
`;
